/Users/sangwookim/PycharmProjects/PythonProject1/.venv/lib/python3.8/site-packages/urllib3/__init__.py:35: NotOpenSSLWarning: urllib3 v2 only supports OpenSSL 1.1.1+, currently the 'ssl' module is compiled with 'LibreSSL 2.8.3'. See: https://github.com/urllib3/urllib3/issues/3020
  warnings.warn(

거래 모드를 선택하세요:
1. 모의투자 (Demo)
2. 실전투자 (Real)

선택 (1 또는 2): ============================================================
AI TRADING SYSTEM
============================================================
✓ All core dependencies installed
Environment set up for demo mode

Starting AI Trading System in demo mode...
Press Ctrl+C to stop

2025-11-30 15:21:36,902 - ai_trading - INFO - Initializing AI Trading System in demo mode
✅ 캐시된 토큰 로드 성공 (만료: 2025-11-30 23:51:22.339890)
2025-11-30 15:21:37,302 - ai_trading.dqn - INFO - DQN Agent initialized on cpu
2025-11-30 15:21:37,303 - ai_trading.ensemble - INFO - Multi-Agent Ensemble initialized
2025-11-30 15:21:37,303 - ai_trading.training - INFO - 📚 Loaded training history: 4 stocks trained today
2025-11-30 15:21:37,303 - ai_trading - INFO - Mode: demo - All data will be fetched from API only
2025-11-30 15:21:37,303 - ai_trading - INFO - AI Trading System initialized successfully
2025-11-30 15:21:37,303 - ai_trading - INFO - Starting AI Trading System...
2025-11-30 15:21:37,303 - ai_trading - INFO - === System Initialization ===
2025-11-30 15:21:37,303 - ai_trading - INFO - Trading mode: demo
2025-11-30 15:21:37,303 - ai_trading - INFO - Getting access token...
🔄 기존 토큰 재사용 (만료: 2025-11-30 23:51:22.339890)
2025-11-30 15:21:37,303 - ai_trading - INFO - Access token acquired successfully
2025-11-30 15:21:37,303 - ai_trading - INFO - Fetching initial account information...
2025-11-30 15:21:37,303 - ai_trading - INFO - === Updating Portfolio Status ===
2025-11-30 15:21:37,303 - ai_trading - INFO - Fetching cash balance...
2025-11-30 15:21:37,414 - ai_trading - INFO - Cash balance: 9,842,748 KRW
2025-11-30 15:21:37,414 - ai_trading - INFO - Fetching holdings...
⏰ Rate limit 대기: 0.89초
2025-11-30 15:21:38,416 - ai_trading - INFO - Found 0 holdings
2025-11-30 15:21:38,416 - ai_trading - INFO - Total portfolio value: 9,842,748 KRW
2025-11-30 15:21:38,416 - ai_trading - INFO -   - Cash: 9,842,748 KRW
2025-11-30 15:21:38,416 - ai_trading - INFO -   - Stocks: 0 KRW
2025-11-30 15:21:38,416 - ai_trading - INFO - === Initialization Complete ===
2025-11-30 15:21:38,416 - ai_trading - INFO - Initial portfolio value: 9,842,748 KRW
2025-11-30 15:21:38,416 - ai_trading - INFO - ============================================================
2025-11-30 15:21:38,416 - ai_trading - INFO - WEEKEND MODE - Market is closed
2025-11-30 15:21:38,416 - ai_trading - INFO - Current time: 2025-11-30 15:21:38
2025-11-30 15:21:38,416 - ai_trading - INFO - Next market open: Monday 09:00
2025-11-30 15:21:38,416 - ai_trading - INFO - 
[Weekend Activity] Checking portfolio status...
2025-11-30 15:21:38,416 - ai_trading - INFO - === Updating Portfolio Status ===
2025-11-30 15:21:38,416 - ai_trading - INFO - Fetching cash balance...
⏰ Rate limit 대기: 0.89초
2025-11-30 15:21:39,411 - ai_trading - INFO - Cash balance: 9,842,748 KRW
2025-11-30 15:21:39,411 - ai_trading - INFO - Fetching holdings...
⏰ Rate limit 대기: 0.90초
2025-11-30 15:21:40,421 - ai_trading - INFO - Found 0 holdings
2025-11-30 15:21:40,421 - ai_trading - INFO - Total portfolio value: 9,842,748 KRW
2025-11-30 15:21:40,421 - ai_trading - INFO -   - Cash: 9,842,748 KRW
2025-11-30 15:21:40,421 - ai_trading - INFO -   - Stocks: 0 KRW
2025-11-30 15:21:40,421 - ai_trading - INFO - 
[Portfolio Summary]
2025-11-30 15:21:40,421 - ai_trading - INFO - Total Value: 9,842,748 KRW
2025-11-30 15:21:40,421 - ai_trading - INFO - Cash: 9,842,748 KRW
2025-11-30 15:21:40,421 - ai_trading - INFO - Holdings: 0 stocks
2025-11-30 15:21:40,421 - ai_trading - INFO - 
[Weekend Training Mode] Continuous learning enabled
2025-11-30 15:21:40,421 - ai_trading - INFO - Will train multiple stocks sequentially...
2025-11-30 15:21:40,421 - ai_trading - INFO - 
[Training 1/5]
2025-11-30 15:21:40,421 - ai_trading.training - INFO - 
============================================================
2025-11-30 15:21:40,421 - ai_trading.training - INFO - 🎯 SINGLE STOCK TRAINING MODE
2025-11-30 15:21:40,421 - ai_trading.training - INFO - ============================================================
2025-11-30 15:21:43,423 - ai_trading.training - INFO - Fetching top volume stocks...
2025-11-30 15:21:43,511 - ai_trading.training - INFO - 
📊 Training on: 삼성스팩12호 (0096B0)
2025-11-30 15:21:43,511 - ai_trading.training - INFO - 📋 Today's progress: 5/30 stocks trained
2025-11-30 15:21:48,512 - ai_trading.training - INFO - Collecting historical price data...
2025-11-30 15:21:48,583 - ai_trading.training - ERROR - Insufficient data for training
2025-11-30 15:21:48,584 - ai_trading - WARNING - ⚠️ Training failed, trying next stock...
2025-11-30 15:21:48,584 - ai_trading - INFO - 
➡️ Moving to next stock immediately...
2025-11-30 15:21:50,584 - ai_trading - INFO - 
[Training 1/5]
2025-11-30 15:21:50,584 - ai_trading.training - INFO - 
============================================================
2025-11-30 15:21:50,584 - ai_trading.training - INFO - 🎯 SINGLE STOCK TRAINING MODE
2025-11-30 15:21:50,584 - ai_trading.training - INFO - ============================================================
2025-11-30 15:21:53,585 - ai_trading.training - INFO - Fetching top volume stocks...
2025-11-30 15:21:53,678 - ai_trading.training - INFO - 
📊 Training on: 삼성스팩12호 (0096B0)
2025-11-30 15:21:53,678 - ai_trading.training - INFO - 📋 Today's progress: 5/30 stocks trained
2025-11-30 15:21:58,679 - ai_trading.training - INFO - Collecting historical price data...
2025-11-30 15:21:58,759 - ai_trading.training - ERROR - Insufficient data for training
2025-11-30 15:21:58,760 - ai_trading - WARNING - ⚠️ Training failed, trying next stock...
2025-11-30 15:21:58,760 - ai_trading - INFO - 
➡️ Moving to next stock immediately...
2025-11-30 15:22:00,761 - ai_trading - INFO - 
[Training 1/5]
2025-11-30 15:22:00,761 - ai_trading.training - INFO - 
============================================================
2025-11-30 15:22:00,761 - ai_trading.training - INFO - 🎯 SINGLE STOCK TRAINING MODE
2025-11-30 15:22:00,761 - ai_trading.training - INFO - ============================================================
2025-11-30 15:22:03,762 - ai_trading.training - INFO - Fetching top volume stocks...
2025-11-30 15:22:03,848 - ai_trading.training - INFO - 
📊 Training on: 삼성스팩12호 (0096B0)
2025-11-30 15:22:03,848 - ai_trading.training - INFO - 📋 Today's progress: 5/30 stocks trained
2025-11-30 15:22:08,849 - ai_trading.training - INFO - Collecting historical price data...
2025-11-30 15:22:08,921 - ai_trading.training - ERROR - Insufficient data for training
2025-11-30 15:22:08,921 - ai_trading - WARNING - ⚠️ Training failed, trying next stock...
2025-11-30 15:22:08,921 - ai_trading - INFO - 
➡️ Moving to next stock immediately...
2025-11-30 15:22:10,922 - ai_trading - INFO - 
[Training 1/5]
2025-11-30 15:22:10,923 - ai_trading.training - INFO - 
============================================================
2025-11-30 15:22:10,923 - ai_trading.training - INFO - 🎯 SINGLE STOCK TRAINING MODE
2025-11-30 15:22:10,923 - ai_trading.training - INFO - ============================================================
2025-11-30 15:22:13,924 - ai_trading.training - INFO - Fetching top volume stocks...
2025-11-30 15:22:14,017 - ai_trading.training - INFO - 
📊 Training on: 삼성스팩12호 (0096B0)
2025-11-30 15:22:14,017 - ai_trading.training - INFO - 📋 Today's progress: 5/30 stocks trained
2025-11-30 15:22:19,018 - ai_trading.training - INFO - Collecting historical price data...
2025-11-30 15:22:19,097 - ai_trading.training - ERROR - Insufficient data for training
2025-11-30 15:22:19,098 - ai_trading - WARNING - ⚠️ Training failed, trying next stock...
2025-11-30 15:22:19,098 - ai_trading - INFO - 
➡️ Moving to next stock immediately...
2025-11-30 15:22:21,098 - ai_trading - INFO - 
[Training 1/5]
2025-11-30 15:22:21,099 - ai_trading.training - INFO - 
============================================================
2025-11-30 15:22:21,099 - ai_trading.training - INFO - 🎯 SINGLE STOCK TRAINING MODE
2025-11-30 15:22:21,099 - ai_trading.training - INFO - ============================================================
2025-11-30 15:22:24,100 - ai_trading.training - INFO - Fetching top volume stocks...
2025-11-30 15:22:24,198 - ai_trading.training - INFO - 
📊 Training on: 삼성스팩12호 (0096B0)
2025-11-30 15:22:24,198 - ai_trading.training - INFO - 📋 Today's progress: 5/30 stocks trained
2025-11-30 15:22:29,199 - ai_trading.training - INFO - Collecting historical price data...
2025-11-30 15:22:29,280 - ai_trading.training - ERROR - Insufficient data for training
2025-11-30 15:22:29,280 - ai_trading - WARNING - ⚠️ Training failed, trying next stock...
2025-11-30 15:22:29,280 - ai_trading - INFO - 
➡️ Moving to next stock immediately...
2025-11-30 15:22:31,282 - ai_trading - INFO - 
[Training 1/5]
2025-11-30 15:22:31,282 - ai_trading.training - INFO - 
============================================================
2025-11-30 15:22:31,283 - ai_trading.training - INFO - 🎯 SINGLE STOCK TRAINING MODE
2025-11-30 15:22:31,283 - ai_trading.training - INFO - ============================================================
2025-11-30 15:22:34,284 - ai_trading.training - INFO - Fetching top volume stocks...
2025-11-30 15:22:34,379 - ai_trading.training - INFO - 
📊 Training on: 삼성스팩12호 (0096B0)
2025-11-30 15:22:34,379 - ai_trading.training - INFO - 📋 Today's progress: 5/30 stocks trained
2025-11-30 15:22:39,381 - ai_trading.training - INFO - Collecting historical price data...
2025-11-30 15:22:39,475 - ai_trading.training - ERROR - Insufficient data for training
2025-11-30 15:22:39,475 - ai_trading - WARNING - ⚠️ Training failed, trying next stock...
2025-11-30 15:22:39,475 - ai_trading - INFO - 
➡️ Moving to next stock immediately...
2025-11-30 15:22:41,476 - ai_trading - INFO - 
[Training 1/5]
2025-11-30 15:22:41,477 - ai_trading.training - INFO - 
============================================================
2025-11-30 15:22:41,477 - ai_trading.training - INFO - 🎯 SINGLE STOCK TRAINING MODE
2025-11-30 15:22:41,477 - ai_trading.training - INFO - ============================================================
2025-11-30 15:22:44,478 - ai_trading.training - INFO - Fetching top volume stocks...
2025-11-30 15:22:44,563 - ai_trading.training - INFO - 
📊 Training on: 삼성스팩12호 (0096B0)
2025-11-30 15:22:44,563 - ai_trading.training - INFO - 📋 Today's progress: 5/30 stocks trained
2025-11-30 15:22:49,564 - ai_trading.training - INFO - Collecting historical price data...
2025-11-30 15:22:49,638 - ai_trading.training - ERROR - Insufficient data for training
2025-11-30 15:22:49,638 - ai_trading - WARNING - ⚠️ Training failed, trying next stock...
2025-11-30 15:22:49,638 - ai_trading - INFO - 
➡️ Moving to next stock immediately...
2025-11-30 15:22:51,639 - ai_trading - INFO - 
[Training 1/5]
2025-11-30 15:22:51,639 - ai_trading.training - INFO - 
============================================================
2025-11-30 15:22:51,639 - ai_trading.training - INFO - 🎯 SINGLE STOCK TRAINING MODE
2025-11-30 15:22:51,639 - ai_trading.training - INFO - ============================================================
2025-11-30 15:22:54,639 - ai_trading.training - INFO - Fetching top volume stocks...
2025-11-30 15:22:54,732 - ai_trading.training - INFO - 
📊 Training on: 삼성스팩12호 (0096B0)
2025-11-30 15:22:54,732 - ai_trading.training - INFO - 📋 Today's progress: 5/30 stocks trained
2025-11-30 15:22:59,732 - ai_trading.training - INFO - Collecting historical price data...
2025-11-30 15:22:59,825 - ai_trading.training - ERROR - Insufficient data for training
2025-11-30 15:22:59,825 - ai_trading - WARNING - ⚠️ Training failed, trying next stock...
2025-11-30 15:22:59,826 - ai_trading - INFO - 
➡️ Moving to next stock immediately...
2025-11-30 15:23:01,827 - ai_trading - INFO - 
[Training 1/5]
2025-11-30 15:23:01,827 - ai_trading.training - INFO - 
============================================================
2025-11-30 15:23:01,827 - ai_trading.training - INFO - 🎯 SINGLE STOCK TRAINING MODE
2025-11-30 15:23:01,827 - ai_trading.training - INFO - ============================================================
2025-11-30 15:23:04,829 - ai_trading.training - INFO - Fetching top volume stocks...
2025-11-30 15:23:04,918 - ai_trading.training - INFO - 
📊 Training on: 삼성스팩12호 (0096B0)
2025-11-30 15:23:04,918 - ai_trading.training - INFO - 📋 Today's progress: 5/30 stocks trained
